Classic Timing Analyzer report for Soma_Subtrator
Thu May 02 19:20:18 2019
Quartus II Version 9.1 Build 350 03/24/2010 Service Pack 2 SJ Web Edition


---------------------
; Table of Contents ;
---------------------
  1. Legal Notice
  2. Timing Analyzer Summary
  3. Timing Analyzer Settings
  4. Parallel Compilation
  5. tpd
  6. Timing Analyzer Messages



----------------
; Legal Notice ;
----------------
Copyright (C) 1991-2010 Altera Corporation
Your use of Altera Corporation's design tools, logic functions 
and other software and tools, and its AMPP partner logic 
functions, and any output files from any of the foregoing 
(including device programming or simulation files), and any 
associated documentation or information are expressly subject 
to the terms and conditions of the Altera Program License 
Subscription Agreement, Altera MegaCore Function License 
Agreement, or other applicable license agreement, including, 
without limitation, that your use is for the sole purpose of 
programming logic devices manufactured by Altera and sold by 
Altera or its authorized distributors.  Please refer to the 
applicable agreement for further details.



+------------------------------------------------------------------------------------------------------------------------------+
; Timing Analyzer Summary                                                                                                      ;
+------------------------------+-------+---------------+-------------+------+-----------+------------+----------+--------------+
; Type                         ; Slack ; Required Time ; Actual Time ; From ; To        ; From Clock ; To Clock ; Failed Paths ;
+------------------------------+-------+---------------+-------------+------+-----------+------------+----------+--------------+
; Worst-case tpd               ; N/A   ; None          ; 10.028 ns   ; V[3] ; NUMERO[4] ; --         ; --       ; 0            ;
; Total number of failed paths ;       ;               ;             ;      ;           ;            ;          ; 0            ;
+------------------------------+-------+---------------+-------------+------+-----------+------------+----------+--------------+


+-----------------------------------------------------------------------------------------------------------------------------------------------------+
; Timing Analyzer Settings                                                                                                                            ;
+------------------------------------------------------------------------------------------------------+--------------------+------+----+-------------+
; Option                                                                                               ; Setting            ; From ; To ; Entity Name ;
+------------------------------------------------------------------------------------------------------+--------------------+------+----+-------------+
; Device Name                                                                                          ; EP2S15F484C3       ;      ;    ;             ;
; Timing Models                                                                                        ; Final              ;      ;    ;             ;
; Default hold multicycle                                                                              ; Same as Multicycle ;      ;    ;             ;
; Cut paths between unrelated clock domains                                                            ; On                 ;      ;    ;             ;
; Cut off read during write signal paths                                                               ; On                 ;      ;    ;             ;
; Cut off feedback from I/O pins                                                                       ; On                 ;      ;    ;             ;
; Report Combined Fast/Slow Timing                                                                     ; Off                ;      ;    ;             ;
; Ignore Clock Settings                                                                                ; Off                ;      ;    ;             ;
; Analyze latches as synchronous elements                                                              ; On                 ;      ;    ;             ;
; Enable Recovery/Removal analysis                                                                     ; Off                ;      ;    ;             ;
; Enable Clock Latency                                                                                 ; Off                ;      ;    ;             ;
; Use TimeQuest Timing Analyzer                                                                        ; Off                ;      ;    ;             ;
; Number of source nodes to report per destination node                                                ; 10                 ;      ;    ;             ;
; Number of destination nodes to report                                                                ; 10                 ;      ;    ;             ;
; Number of paths to report                                                                            ; 200                ;      ;    ;             ;
; Report Minimum Timing Checks                                                                         ; Off                ;      ;    ;             ;
; Use Fast Timing Models                                                                               ; Off                ;      ;    ;             ;
; Report IO Paths Separately                                                                           ; Off                ;      ;    ;             ;
; Perform Multicorner Analysis                                                                         ; On                 ;      ;    ;             ;
; Reports the worst-case path for each clock domain and analysis                                       ; Off                ;      ;    ;             ;
; Reports worst-case timing paths for each clock domain and analysis                                   ; Off                ;      ;    ;             ;
; Specifies the maximum number of worst-case timing paths to report for each clock domain and analysis ; 100                ;      ;    ;             ;
; Removes common clock path pessimism (CCPP) during slack computation                                  ; Off                ;      ;    ;             ;
; Output I/O Timing Endpoint                                                                           ; Near End           ;      ;    ;             ;
+------------------------------------------------------------------------------------------------------+--------------------+------+----+-------------+


+------------------------------------------+
; Parallel Compilation                     ;
+----------------------------+-------------+
; Processors                 ; Number      ;
+----------------------------+-------------+
; Number detected on machine ; 4           ;
; Maximum allowed            ; 4           ;
;                            ;             ;
; Average used               ; 1.00        ;
; Maximum used               ; 1           ;
;                            ;             ;
; Usage by Processor         ; % Time Used ;
;     1 processor            ; 100.0%      ;
;     2-4 processors         ;   0.0%      ;
+----------------------------+-------------+


+----------------------------------------------------------------+
; tpd                                                            ;
+-------+-------------------+-----------------+------+-----------+
; Slack ; Required P2P Time ; Actual P2P Time ; From ; To        ;
+-------+-------------------+-----------------+------+-----------+
; N/A   ; None              ; 10.028 ns       ; V[3] ; NUMERO[4] ;
; N/A   ; None              ; 9.885 ns        ; V[3] ; NUMERO[0] ;
; N/A   ; None              ; 9.851 ns        ; V[3] ; NUMERO[6] ;
; N/A   ; None              ; 9.768 ns        ; V[3] ; NUMERO[5] ;
; N/A   ; None              ; 9.727 ns        ; V[0] ; NUMERO[3] ;
; N/A   ; None              ; 9.679 ns        ; V[0] ; NUMERO[0] ;
; N/A   ; None              ; 9.641 ns        ; V[2] ; NUMERO[0] ;
; N/A   ; None              ; 9.575 ns        ; V[1] ; NUMERO[0] ;
; N/A   ; None              ; 9.531 ns        ; V[2] ; NUMERO[3] ;
; N/A   ; None              ; 9.484 ns        ; V[0] ; NUMERO[4] ;
; N/A   ; None              ; 9.475 ns        ; V[3] ; NUMERO[1] ;
; N/A   ; None              ; 9.466 ns        ; V[0] ; NUMERO[6] ;
; N/A   ; None              ; 9.464 ns        ; V[1] ; NUMERO[3] ;
; N/A   ; None              ; 9.445 ns        ; V[2] ; NUMERO[4] ;
; N/A   ; None              ; 9.383 ns        ; V[0] ; NUMERO[5] ;
; N/A   ; None              ; 9.305 ns        ; V[2] ; NUMERO[6] ;
; N/A   ; None              ; 9.187 ns        ; V[2] ; NUMERO[5] ;
; N/A   ; None              ; 9.090 ns        ; V[0] ; NUMERO[1] ;
; N/A   ; None              ; 9.041 ns        ; V[1] ; NUMERO[4] ;
; N/A   ; None              ; 8.893 ns        ; V[2] ; NUMERO[1] ;
; N/A   ; None              ; 8.865 ns        ; V[1] ; NUMERO[6] ;
; N/A   ; None              ; 8.781 ns        ; V[1] ; NUMERO[5] ;
; N/A   ; None              ; 8.487 ns        ; V[1] ; NUMERO[1] ;
; N/A   ; None              ; 8.392 ns        ; V[2] ; NUMERO[2] ;
; N/A   ; None              ; 8.246 ns        ; V[0] ; NUMERO[2] ;
; N/A   ; None              ; 7.909 ns        ; V[1] ; NUMERO[2] ;
; N/A   ; None              ; 6.872 ns        ; V[3] ; SINAL[0]  ;
+-------+-------------------+-----------------+------+-----------+


+--------------------------+
; Timing Analyzer Messages ;
+--------------------------+
Info: *******************************************************************
Info: Running Quartus II Classic Timing Analyzer
    Info: Version 9.1 Build 350 03/24/2010 Service Pack 2 SJ Web Edition
    Info: Processing started: Thu May 02 19:20:18 2019
Info: Command: quartus_tan --read_settings_files=off --write_settings_files=off Soma_Subtrator -c Soma_Subtrator --timing_analysis_only
Info: Parallel compilation is enabled and will use 4 of the 4 processors detected
Info: Longest tpd from source pin "V[3]" to destination pin "NUMERO[4]" is 10.028 ns
    Info: 1: + IC(0.000 ns) + CELL(0.827 ns) = 0.827 ns; Loc. = PIN_V12; Fanout = 6; PIN Node = 'V[3]'
    Info: 2: + IC(4.879 ns) + CELL(0.346 ns) = 6.052 ns; Loc. = LCCOMB_X22_Y20_N20; Fanout = 1; COMB Node = 'inst34~0'
    Info: 3: + IC(1.842 ns) + CELL(2.134 ns) = 10.028 ns; Loc. = PIN_F5; Fanout = 0; PIN Node = 'NUMERO[4]'
    Info: Total cell delay = 3.307 ns ( 32.98 % )
    Info: Total interconnect delay = 6.721 ns ( 67.02 % )
Info: Quartus II Classic Timing Analyzer was successful. 0 errors, 0 warnings
    Info: Peak virtual memory: 238 megabytes
    Info: Processing ended: Thu May 02 19:20:18 2019
    Info: Elapsed time: 00:00:00
    Info: Total CPU time (on all processors): 00:00:00


